ERROR - 2026-05-13 06:57:26 --> Error connecting to the database: Error: Class "SQLite3" not found in /home/harena/EntrepriseTech/system/Database/SQLite3/Connection.php:111
Stack trace:
#0 /home/harena/EntrepriseTech/system/Database/BaseConnection.php(555): CodeIgniter\Database\SQLite3\Connection->connect()
#1 /home/harena/EntrepriseTech/system/Database/SQLite3/Connection.php(74): CodeIgniter\Database\BaseConnection->initialize()
#2 /home/harena/EntrepriseTech/system/Database/BaseConnection.php(795): CodeIgniter\Database\SQLite3\Connection->initialize()
#3 /home/harena/EntrepriseTech/system/Database/BaseConnection.php(1706): CodeIgniter\Database\BaseConnection->query()
#4 /home/harena/EntrepriseTech/system/Database/BaseConnection.php(1726): CodeIgniter\Database\BaseConnection->listTables()
#5 /home/harena/EntrepriseTech/system/Database/MigrationRunner.php(821): CodeIgniter\Database\BaseConnection->tableExists()
#6 /home/harena/EntrepriseTech/system/Database/MigrationRunner.php(173): CodeIgniter\Database\MigrationRunner->ensureTable()
#7 /home/harena/EntrepriseTech/system/Commands/Database/Migrate.php(89): CodeIgniter\Database\MigrationRunner->latest()
#8 /home/harena/EntrepriseTech/system/CLI/SignalTrait.php(245): CodeIgniter\Commands\Database\Migrate::CodeIgniter\Commands\Database\{closure}()
#9 /home/harena/EntrepriseTech/system/Commands/Database/Migrate.php(88): CodeIgniter\Commands\Database\Migrate->withSignalsBlocked()
#10 /home/harena/EntrepriseTech/system/CLI/Commands.php(74): CodeIgniter\Commands\Database\Migrate->run()
#11 /home/harena/EntrepriseTech/system/CLI/Console.php(47): CodeIgniter\CLI\Commands->run()
#12 /home/harena/EntrepriseTech/system/Boot.php(442): CodeIgniter\CLI\Console->run()
#13 /home/harena/EntrepriseTech/system/Boot.php(166): CodeIgniter\Boot::runCommand()
#14 /home/harena/EntrepriseTech/spark(87): CodeIgniter\Boot::bootSpark()
#15 {main}
ERROR - 2026-05-13 06:59:17 --> Error connecting to the database: Error: Class "SQLite3" not found in /home/harena/EntrepriseTech/system/Database/SQLite3/Connection.php:111
Stack trace:
#0 /home/harena/EntrepriseTech/system/Database/BaseConnection.php(555): CodeIgniter\Database\SQLite3\Connection->connect()
#1 /home/harena/EntrepriseTech/system/Database/SQLite3/Connection.php(74): CodeIgniter\Database\BaseConnection->initialize()
#2 /home/harena/EntrepriseTech/system/Database/BaseConnection.php(795): CodeIgniter\Database\SQLite3\Connection->initialize()
#3 /home/harena/EntrepriseTech/system/Database/BaseConnection.php(1706): CodeIgniter\Database\BaseConnection->query()
#4 /home/harena/EntrepriseTech/system/Database/BaseConnection.php(1726): CodeIgniter\Database\BaseConnection->listTables()
#5 /home/harena/EntrepriseTech/system/Database/MigrationRunner.php(821): CodeIgniter\Database\BaseConnection->tableExists()
#6 /home/harena/EntrepriseTech/system/Database/MigrationRunner.php(173): CodeIgniter\Database\MigrationRunner->ensureTable()
#7 /home/harena/EntrepriseTech/system/Commands/Database/Migrate.php(89): CodeIgniter\Database\MigrationRunner->latest()
#8 /home/harena/EntrepriseTech/system/CLI/SignalTrait.php(245): CodeIgniter\Commands\Database\Migrate::CodeIgniter\Commands\Database\{closure}()
#9 /home/harena/EntrepriseTech/system/Commands/Database/Migrate.php(88): CodeIgniter\Commands\Database\Migrate->withSignalsBlocked()
#10 /home/harena/EntrepriseTech/system/CLI/Commands.php(74): CodeIgniter\Commands\Database\Migrate->run()
#11 /home/harena/EntrepriseTech/system/CLI/Console.php(47): CodeIgniter\CLI\Commands->run()
#12 /home/harena/EntrepriseTech/system/Boot.php(442): CodeIgniter\CLI\Console->run()
#13 /home/harena/EntrepriseTech/system/Boot.php(166): CodeIgniter\Boot::runCommand()
#14 /home/harena/EntrepriseTech/spark(87): CodeIgniter\Boot::bootSpark()
#15 {main}
ERROR - 2026-05-13 11:22:33 --> Error connecting to the database: Error: Class "SQLite3" not found in /home/tendry/itu/S4/MR_ROJO/Examen/EntrepriseTech/system/Database/SQLite3/Connection.php:111
Stack trace:
#0 /home/tendry/itu/S4/MR_ROJO/Examen/EntrepriseTech/system/Database/BaseConnection.php(555): CodeIgniter\Database\SQLite3\Connection->connect()
#1 /home/tendry/itu/S4/MR_ROJO/Examen/EntrepriseTech/system/Database/SQLite3/Connection.php(74): CodeIgniter\Database\BaseConnection->initialize()
#2 /home/tendry/itu/S4/MR_ROJO/Examen/EntrepriseTech/system/Database/BaseConnection.php(795): CodeIgniter\Database\SQLite3\Connection->initialize()
#3 /home/tendry/itu/S4/MR_ROJO/Examen/EntrepriseTech/system/Database/BaseBuilder.php(1649): CodeIgniter\Database\BaseConnection->query()
#4 /home/tendry/itu/S4/MR_ROJO/Examen/EntrepriseTech/system/Model.php(295): CodeIgniter\Database\BaseBuilder->get()
#5 /home/tendry/itu/S4/MR_ROJO/Examen/EntrepriseTech/system/BaseModel.php(714): CodeIgniter\Model->doFirst()
#6 /home/tendry/itu/S4/MR_ROJO/Examen/EntrepriseTech/app/Models/EmployeModel.php(31): CodeIgniter\BaseModel->first()
#7 /home/tendry/itu/S4/MR_ROJO/Examen/EntrepriseTech/app/Controllers/AuthController.php(22): App\Models\EmployeModel->getEmployeByEmail()
#8 /home/tendry/itu/S4/MR_ROJO/Examen/EntrepriseTech/system/CodeIgniter.php(951): App\Controllers\AuthController->login()
#9 /home/tendry/itu/S4/MR_ROJO/Examen/EntrepriseTech/system/CodeIgniter.php(497): CodeIgniter\CodeIgniter->runController()
#10 /home/tendry/itu/S4/MR_ROJO/Examen/EntrepriseTech/system/CodeIgniter.php(340): CodeIgniter\CodeIgniter->handleRequest()
#11 /home/tendry/itu/S4/MR_ROJO/Examen/EntrepriseTech/system/Boot.php(417): CodeIgniter\CodeIgniter->run()
#12 /home/tendry/itu/S4/MR_ROJO/Examen/EntrepriseTech/system/Boot.php(68): CodeIgniter\Boot::runCodeIgniter()
#13 /home/tendry/itu/S4/MR_ROJO/Examen/EntrepriseTech/public/index.php(59): CodeIgniter\Boot::bootWeb()
#14 {main}
CRITICAL - 2026-05-13 11:22:33 --> CodeIgniter\Database\Exceptions\DatabaseException: Unable to connect to the database.
Main connection [SQLite3]: Class "SQLite3" not found
[Method: POST, Route: connexion]
in SYSTEMPATH/Database/BaseConnection.php on line 606.
 1 SYSTEMPATH/Database/SQLite3/Connection.php(74): CodeIgniter\Database\BaseConnection->initialize()
 2 SYSTEMPATH/Database/BaseConnection.php(795): CodeIgniter\Database\SQLite3\Connection->initialize()
 3 SYSTEMPATH/Database/BaseBuilder.php(1649): CodeIgniter\Database\BaseConnection->query()
 4 SYSTEMPATH/Model.php(295): CodeIgniter\Database\BaseBuilder->get()
 5 SYSTEMPATH/BaseModel.php(714): CodeIgniter\Model->doFirst()
 6 APPPATH/Models/EmployeModel.php(31): CodeIgniter\BaseModel->first()
 7 APPPATH/Controllers/AuthController.php(22): App\Models\EmployeModel->getEmployeByEmail()
 8 SYSTEMPATH/CodeIgniter.php(951): App\Controllers\AuthController->login()
 9 SYSTEMPATH/CodeIgniter.php(497): CodeIgniter\CodeIgniter->runController()
10 SYSTEMPATH/CodeIgniter.php(340): CodeIgniter\CodeIgniter->handleRequest()
11 SYSTEMPATH/Boot.php(417): CodeIgniter\CodeIgniter->run()
12 SYSTEMPATH/Boot.php(68): CodeIgniter\Boot::runCodeIgniter()
13 FCPATH/index.php(59): CodeIgniter\Boot::bootWeb()
ERROR - 2026-05-13 11:27:26 --> Error connecting to the database: Error: Class "SQLite3" not found in /home/tendry/itu/S4/MR_ROJO/Examen/EntrepriseTech/system/Database/SQLite3/Connection.php:111
Stack trace:
#0 /home/tendry/itu/S4/MR_ROJO/Examen/EntrepriseTech/system/Database/BaseConnection.php(555): CodeIgniter\Database\SQLite3\Connection->connect()
#1 /home/tendry/itu/S4/MR_ROJO/Examen/EntrepriseTech/system/Database/SQLite3/Connection.php(74): CodeIgniter\Database\BaseConnection->initialize()
#2 /home/tendry/itu/S4/MR_ROJO/Examen/EntrepriseTech/system/Database/BaseConnection.php(795): CodeIgniter\Database\SQLite3\Connection->initialize()
#3 /home/tendry/itu/S4/MR_ROJO/Examen/EntrepriseTech/system/Database/BaseBuilder.php(1649): CodeIgniter\Database\BaseConnection->query()
#4 /home/tendry/itu/S4/MR_ROJO/Examen/EntrepriseTech/system/Model.php(295): CodeIgniter\Database\BaseBuilder->get()
#5 /home/tendry/itu/S4/MR_ROJO/Examen/EntrepriseTech/system/BaseModel.php(714): CodeIgniter\Model->doFirst()
#6 /home/tendry/itu/S4/MR_ROJO/Examen/EntrepriseTech/app/Models/EmployeModel.php(31): CodeIgniter\BaseModel->first()
#7 /home/tendry/itu/S4/MR_ROJO/Examen/EntrepriseTech/app/Controllers/AuthController.php(22): App\Models\EmployeModel->getEmployeByEmail()
#8 /home/tendry/itu/S4/MR_ROJO/Examen/EntrepriseTech/system/CodeIgniter.php(951): App\Controllers\AuthController->login()
#9 /home/tendry/itu/S4/MR_ROJO/Examen/EntrepriseTech/system/CodeIgniter.php(497): CodeIgniter\CodeIgniter->runController()
#10 /home/tendry/itu/S4/MR_ROJO/Examen/EntrepriseTech/system/CodeIgniter.php(340): CodeIgniter\CodeIgniter->handleRequest()
#11 /home/tendry/itu/S4/MR_ROJO/Examen/EntrepriseTech/system/Boot.php(417): CodeIgniter\CodeIgniter->run()
#12 /home/tendry/itu/S4/MR_ROJO/Examen/EntrepriseTech/system/Boot.php(68): CodeIgniter\Boot::runCodeIgniter()
#13 /home/tendry/itu/S4/MR_ROJO/Examen/EntrepriseTech/public/index.php(59): CodeIgniter\Boot::bootWeb()
#14 {main}
CRITICAL - 2026-05-13 11:27:26 --> CodeIgniter\Database\Exceptions\DatabaseException: Unable to connect to the database.
Main connection [SQLite3]: Class "SQLite3" not found
[Method: POST, Route: login]
in SYSTEMPATH/Database/BaseConnection.php on line 606.
 1 SYSTEMPATH/Database/SQLite3/Connection.php(74): CodeIgniter\Database\BaseConnection->initialize()
 2 SYSTEMPATH/Database/BaseConnection.php(795): CodeIgniter\Database\SQLite3\Connection->initialize()
 3 SYSTEMPATH/Database/BaseBuilder.php(1649): CodeIgniter\Database\BaseConnection->query()
 4 SYSTEMPATH/Model.php(295): CodeIgniter\Database\BaseBuilder->get()
 5 SYSTEMPATH/BaseModel.php(714): CodeIgniter\Model->doFirst()
 6 APPPATH/Models/EmployeModel.php(31): CodeIgniter\BaseModel->first()
 7 APPPATH/Controllers/AuthController.php(22): App\Models\EmployeModel->getEmployeByEmail()
 8 SYSTEMPATH/CodeIgniter.php(951): App\Controllers\AuthController->login()
 9 SYSTEMPATH/CodeIgniter.php(497): CodeIgniter\CodeIgniter->runController()
10 SYSTEMPATH/CodeIgniter.php(340): CodeIgniter\CodeIgniter->handleRequest()
11 SYSTEMPATH/Boot.php(417): CodeIgniter\CodeIgniter->run()
12 SYSTEMPATH/Boot.php(68): CodeIgniter\Boot::runCodeIgniter()
13 FCPATH/index.php(59): CodeIgniter\Boot::bootWeb()
ERROR - 2026-05-13 11:31:16 --> Error connecting to the database: Error: Class "SQLite3" not found in /home/tendry/itu/S4/MR_ROJO/Examen/EntrepriseTech/system/Database/SQLite3/Connection.php:111
Stack trace:
#0 /home/tendry/itu/S4/MR_ROJO/Examen/EntrepriseTech/system/Database/BaseConnection.php(555): CodeIgniter\Database\SQLite3\Connection->connect()
#1 /home/tendry/itu/S4/MR_ROJO/Examen/EntrepriseTech/system/Database/SQLite3/Connection.php(74): CodeIgniter\Database\BaseConnection->initialize()
#2 /home/tendry/itu/S4/MR_ROJO/Examen/EntrepriseTech/system/Database/BaseConnection.php(795): CodeIgniter\Database\SQLite3\Connection->initialize()
#3 /home/tendry/itu/S4/MR_ROJO/Examen/EntrepriseTech/system/Database/BaseBuilder.php(1649): CodeIgniter\Database\BaseConnection->query()
#4 /home/tendry/itu/S4/MR_ROJO/Examen/EntrepriseTech/system/Model.php(295): CodeIgniter\Database\BaseBuilder->get()
#5 /home/tendry/itu/S4/MR_ROJO/Examen/EntrepriseTech/system/BaseModel.php(714): CodeIgniter\Model->doFirst()
#6 /home/tendry/itu/S4/MR_ROJO/Examen/EntrepriseTech/app/Models/EmployeModel.php(31): CodeIgniter\BaseModel->first()
#7 /home/tendry/itu/S4/MR_ROJO/Examen/EntrepriseTech/app/Controllers/AuthController.php(22): App\Models\EmployeModel->getEmployeByEmail()
#8 /home/tendry/itu/S4/MR_ROJO/Examen/EntrepriseTech/system/CodeIgniter.php(951): App\Controllers\AuthController->login()
#9 /home/tendry/itu/S4/MR_ROJO/Examen/EntrepriseTech/system/CodeIgniter.php(497): CodeIgniter\CodeIgniter->runController()
#10 /home/tendry/itu/S4/MR_ROJO/Examen/EntrepriseTech/system/CodeIgniter.php(340): CodeIgniter\CodeIgniter->handleRequest()
#11 /home/tendry/itu/S4/MR_ROJO/Examen/EntrepriseTech/system/Boot.php(417): CodeIgniter\CodeIgniter->run()
#12 /home/tendry/itu/S4/MR_ROJO/Examen/EntrepriseTech/system/Boot.php(68): CodeIgniter\Boot::runCodeIgniter()
#13 /home/tendry/itu/S4/MR_ROJO/Examen/EntrepriseTech/public/index.php(59): CodeIgniter\Boot::bootWeb()
#14 /home/tendry/itu/S4/MR_ROJO/Examen/EntrepriseTech/system/rewrite.php(44): require_once('...')
#15 {main}
CRITICAL - 2026-05-13 11:31:16 --> CodeIgniter\Database\Exceptions\DatabaseException: Unable to connect to the database.
Main connection [SQLite3]: Class "SQLite3" not found
[Method: POST, Route: login]
in SYSTEMPATH/Database/BaseConnection.php on line 606.
 1 SYSTEMPATH/Database/SQLite3/Connection.php(74): CodeIgniter\Database\BaseConnection->initialize()
 2 SYSTEMPATH/Database/BaseConnection.php(795): CodeIgniter\Database\SQLite3\Connection->initialize()
 3 SYSTEMPATH/Database/BaseBuilder.php(1649): CodeIgniter\Database\BaseConnection->query()
 4 SYSTEMPATH/Model.php(295): CodeIgniter\Database\BaseBuilder->get()
 5 SYSTEMPATH/BaseModel.php(714): CodeIgniter\Model->doFirst()
 6 APPPATH/Models/EmployeModel.php(31): CodeIgniter\BaseModel->first()
 7 APPPATH/Controllers/AuthController.php(22): App\Models\EmployeModel->getEmployeByEmail()
 8 SYSTEMPATH/CodeIgniter.php(951): App\Controllers\AuthController->login()
 9 SYSTEMPATH/CodeIgniter.php(497): CodeIgniter\CodeIgniter->runController()
10 SYSTEMPATH/CodeIgniter.php(340): CodeIgniter\CodeIgniter->handleRequest()
11 SYSTEMPATH/Boot.php(417): CodeIgniter\CodeIgniter->run()
12 SYSTEMPATH/Boot.php(68): CodeIgniter\Boot::runCodeIgniter()
13 FCPATH/index.php(59): CodeIgniter\Boot::bootWeb()
14 SYSTEMPATH/rewrite.php(44): require_once('/home/tendry/itu/S4/MR_ROJO/Examen/EntrepriseTech/public/index.php')
ERROR - 2026-05-13 11:31:38 --> Error connecting to the database: Error: Class "SQLite3" not found in /home/tendry/itu/S4/MR_ROJO/Examen/EntrepriseTech/system/Database/SQLite3/Connection.php:111
Stack trace:
#0 /home/tendry/itu/S4/MR_ROJO/Examen/EntrepriseTech/system/Database/BaseConnection.php(555): CodeIgniter\Database\SQLite3\Connection->connect()
#1 /home/tendry/itu/S4/MR_ROJO/Examen/EntrepriseTech/system/Database/SQLite3/Connection.php(74): CodeIgniter\Database\BaseConnection->initialize()
#2 /home/tendry/itu/S4/MR_ROJO/Examen/EntrepriseTech/system/Database/BaseConnection.php(795): CodeIgniter\Database\SQLite3\Connection->initialize()
#3 /home/tendry/itu/S4/MR_ROJO/Examen/EntrepriseTech/system/Database/BaseBuilder.php(1649): CodeIgniter\Database\BaseConnection->query()
#4 /home/tendry/itu/S4/MR_ROJO/Examen/EntrepriseTech/system/Model.php(295): CodeIgniter\Database\BaseBuilder->get()
#5 /home/tendry/itu/S4/MR_ROJO/Examen/EntrepriseTech/system/BaseModel.php(714): CodeIgniter\Model->doFirst()
#6 /home/tendry/itu/S4/MR_ROJO/Examen/EntrepriseTech/app/Models/EmployeModel.php(31): CodeIgniter\BaseModel->first()
#7 /home/tendry/itu/S4/MR_ROJO/Examen/EntrepriseTech/app/Controllers/AuthController.php(22): App\Models\EmployeModel->getEmployeByEmail()
#8 /home/tendry/itu/S4/MR_ROJO/Examen/EntrepriseTech/system/CodeIgniter.php(951): App\Controllers\AuthController->login()
#9 /home/tendry/itu/S4/MR_ROJO/Examen/EntrepriseTech/system/CodeIgniter.php(497): CodeIgniter\CodeIgniter->runController()
#10 /home/tendry/itu/S4/MR_ROJO/Examen/EntrepriseTech/system/CodeIgniter.php(340): CodeIgniter\CodeIgniter->handleRequest()
#11 /home/tendry/itu/S4/MR_ROJO/Examen/EntrepriseTech/system/Boot.php(417): CodeIgniter\CodeIgniter->run()
#12 /home/tendry/itu/S4/MR_ROJO/Examen/EntrepriseTech/system/Boot.php(68): CodeIgniter\Boot::runCodeIgniter()
#13 /home/tendry/itu/S4/MR_ROJO/Examen/EntrepriseTech/public/index.php(59): CodeIgniter\Boot::bootWeb()
#14 /home/tendry/itu/S4/MR_ROJO/Examen/EntrepriseTech/system/rewrite.php(44): require_once('...')
#15 {main}
CRITICAL - 2026-05-13 11:31:38 --> CodeIgniter\Database\Exceptions\DatabaseException: Unable to connect to the database.
Main connection [SQLite3]: Class "SQLite3" not found
[Method: POST, Route: login]
in SYSTEMPATH/Database/BaseConnection.php on line 606.
 1 SYSTEMPATH/Database/SQLite3/Connection.php(74): CodeIgniter\Database\BaseConnection->initialize()
 2 SYSTEMPATH/Database/BaseConnection.php(795): CodeIgniter\Database\SQLite3\Connection->initialize()
 3 SYSTEMPATH/Database/BaseBuilder.php(1649): CodeIgniter\Database\BaseConnection->query()
 4 SYSTEMPATH/Model.php(295): CodeIgniter\Database\BaseBuilder->get()
 5 SYSTEMPATH/BaseModel.php(714): CodeIgniter\Model->doFirst()
 6 APPPATH/Models/EmployeModel.php(31): CodeIgniter\BaseModel->first()
 7 APPPATH/Controllers/AuthController.php(22): App\Models\EmployeModel->getEmployeByEmail()
 8 SYSTEMPATH/CodeIgniter.php(951): App\Controllers\AuthController->login()
 9 SYSTEMPATH/CodeIgniter.php(497): CodeIgniter\CodeIgniter->runController()
10 SYSTEMPATH/CodeIgniter.php(340): CodeIgniter\CodeIgniter->handleRequest()
11 SYSTEMPATH/Boot.php(417): CodeIgniter\CodeIgniter->run()
12 SYSTEMPATH/Boot.php(68): CodeIgniter\Boot::runCodeIgniter()
13 FCPATH/index.php(59): CodeIgniter\Boot::bootWeb()
14 SYSTEMPATH/rewrite.php(44): require_once('/home/tendry/itu/S4/MR_ROJO/Examen/EntrepriseTech/public/index.php')
ERROR - 2026-05-13 11:37:08 --> Error connecting to the database: Error: Class "SQLite3" not found in /home/tendry/itu/S4/MR_ROJO/Examen/EntrepriseTech/system/Database/SQLite3/Connection.php:111
Stack trace:
#0 /home/tendry/itu/S4/MR_ROJO/Examen/EntrepriseTech/system/Database/BaseConnection.php(555): CodeIgniter\Database\SQLite3\Connection->connect()
#1 /home/tendry/itu/S4/MR_ROJO/Examen/EntrepriseTech/system/Database/SQLite3/Connection.php(74): CodeIgniter\Database\BaseConnection->initialize()
#2 /home/tendry/itu/S4/MR_ROJO/Examen/EntrepriseTech/system/Database/BaseConnection.php(795): CodeIgniter\Database\SQLite3\Connection->initialize()
#3 /home/tendry/itu/S4/MR_ROJO/Examen/EntrepriseTech/system/Database/BaseBuilder.php(1649): CodeIgniter\Database\BaseConnection->query()
#4 /home/tendry/itu/S4/MR_ROJO/Examen/EntrepriseTech/system/Model.php(295): CodeIgniter\Database\BaseBuilder->get()
#5 /home/tendry/itu/S4/MR_ROJO/Examen/EntrepriseTech/system/BaseModel.php(714): CodeIgniter\Model->doFirst()
#6 /home/tendry/itu/S4/MR_ROJO/Examen/EntrepriseTech/app/Models/EmployeModel.php(31): CodeIgniter\BaseModel->first()
#7 /home/tendry/itu/S4/MR_ROJO/Examen/EntrepriseTech/app/Controllers/AuthController.php(22): App\Models\EmployeModel->getEmployeByEmail()
#8 /home/tendry/itu/S4/MR_ROJO/Examen/EntrepriseTech/system/CodeIgniter.php(951): App\Controllers\AuthController->login()
#9 /home/tendry/itu/S4/MR_ROJO/Examen/EntrepriseTech/system/CodeIgniter.php(497): CodeIgniter\CodeIgniter->runController()
#10 /home/tendry/itu/S4/MR_ROJO/Examen/EntrepriseTech/system/CodeIgniter.php(340): CodeIgniter\CodeIgniter->handleRequest()
#11 /home/tendry/itu/S4/MR_ROJO/Examen/EntrepriseTech/system/Boot.php(417): CodeIgniter\CodeIgniter->run()
#12 /home/tendry/itu/S4/MR_ROJO/Examen/EntrepriseTech/system/Boot.php(68): CodeIgniter\Boot::runCodeIgniter()
#13 /home/tendry/itu/S4/MR_ROJO/Examen/EntrepriseTech/public/index.php(59): CodeIgniter\Boot::bootWeb()
#14 /home/tendry/itu/S4/MR_ROJO/Examen/EntrepriseTech/system/rewrite.php(44): require_once('...')
#15 {main}
CRITICAL - 2026-05-13 11:37:08 --> CodeIgniter\Database\Exceptions\DatabaseException: Unable to connect to the database.
Main connection [SQLite3]: Class "SQLite3" not found
[Method: POST, Route: login]
in SYSTEMPATH/Database/BaseConnection.php on line 606.
 1 SYSTEMPATH/Database/SQLite3/Connection.php(74): CodeIgniter\Database\BaseConnection->initialize()
 2 SYSTEMPATH/Database/BaseConnection.php(795): CodeIgniter\Database\SQLite3\Connection->initialize()
 3 SYSTEMPATH/Database/BaseBuilder.php(1649): CodeIgniter\Database\BaseConnection->query()
 4 SYSTEMPATH/Model.php(295): CodeIgniter\Database\BaseBuilder->get()
 5 SYSTEMPATH/BaseModel.php(714): CodeIgniter\Model->doFirst()
 6 APPPATH/Models/EmployeModel.php(31): CodeIgniter\BaseModel->first()
 7 APPPATH/Controllers/AuthController.php(22): App\Models\EmployeModel->getEmployeByEmail()
 8 SYSTEMPATH/CodeIgniter.php(951): App\Controllers\AuthController->login()
 9 SYSTEMPATH/CodeIgniter.php(497): CodeIgniter\CodeIgniter->runController()
10 SYSTEMPATH/CodeIgniter.php(340): CodeIgniter\CodeIgniter->handleRequest()
11 SYSTEMPATH/Boot.php(417): CodeIgniter\CodeIgniter->run()
12 SYSTEMPATH/Boot.php(68): CodeIgniter\Boot::runCodeIgniter()
13 FCPATH/index.php(59): CodeIgniter\Boot::bootWeb()
14 SYSTEMPATH/rewrite.php(44): require_once('/home/tendry/itu/S4/MR_ROJO/Examen/EntrepriseTech/public/index.php')
ERROR - 2026-05-13 11:48:37 --> Unable to prepare statement: no such table: Employes
in SYSTEMPATH/Database/SQLite3/Connection.php on line 164.
 1 SYSTEMPATH/Database/SQLite3/Connection.php(164): SQLite3->query()
 2 SYSTEMPATH/Database/BaseConnection.php(910): CodeIgniter\Database\SQLite3\Connection->execute()
 3 SYSTEMPATH/Database/BaseConnection.php(827): CodeIgniter\Database\BaseConnection->simpleQuery()
 4 SYSTEMPATH/Database/BaseBuilder.php(1649): CodeIgniter\Database\BaseConnection->query()
 5 SYSTEMPATH/Model.php(295): CodeIgniter\Database\BaseBuilder->get()
 6 SYSTEMPATH/BaseModel.php(714): CodeIgniter\Model->doFirst()
 7 APPPATH/Models/EmployeModel.php(31): CodeIgniter\BaseModel->first()
 8 APPPATH/Controllers/AuthController.php(22): App\Models\EmployeModel->getEmployeByEmail()
 9 SYSTEMPATH/CodeIgniter.php(951): App\Controllers\AuthController->login()
10 SYSTEMPATH/CodeIgniter.php(497): CodeIgniter\CodeIgniter->runController()
11 SYSTEMPATH/CodeIgniter.php(340): CodeIgniter\CodeIgniter->handleRequest()
12 SYSTEMPATH/Boot.php(417): CodeIgniter\CodeIgniter->run()
13 SYSTEMPATH/Boot.php(68): CodeIgniter\Boot::runCodeIgniter()
14 FCPATH/index.php(59): CodeIgniter\Boot::bootWeb()
15 SYSTEMPATH/rewrite.php(44): require_once('/home/tendry/itu/S4/MR_ROJO/Examen/EntrepriseTech/public/index.php')
CRITICAL - 2026-05-13 11:48:37 --> CodeIgniter\Database\Exceptions\DatabaseException: Unable to prepare statement: no such table: Employes
[Method: POST, Route: login]
in SYSTEMPATH/Database/BaseConnection.php on line 865.
 1 SYSTEMPATH/Database/BaseBuilder.php(1649): CodeIgniter\Database\BaseConnection->query()
 2 SYSTEMPATH/Model.php(295): CodeIgniter\Database\BaseBuilder->get()
 3 SYSTEMPATH/BaseModel.php(714): CodeIgniter\Model->doFirst()
 4 APPPATH/Models/EmployeModel.php(31): CodeIgniter\BaseModel->first()
 5 APPPATH/Controllers/AuthController.php(22): App\Models\EmployeModel->getEmployeByEmail()
 6 SYSTEMPATH/CodeIgniter.php(951): App\Controllers\AuthController->login()
 7 SYSTEMPATH/CodeIgniter.php(497): CodeIgniter\CodeIgniter->runController()
 8 SYSTEMPATH/CodeIgniter.php(340): CodeIgniter\CodeIgniter->handleRequest()
 9 SYSTEMPATH/Boot.php(417): CodeIgniter\CodeIgniter->run()
10 SYSTEMPATH/Boot.php(68): CodeIgniter\Boot::runCodeIgniter()
11 FCPATH/index.php(59): CodeIgniter\Boot::bootWeb()
12 SYSTEMPATH/rewrite.php(44): require_once('/home/tendry/itu/S4/MR_ROJO/Examen/EntrepriseTech/public/index.php')
CRITICAL - 2026-05-13 11:48:37 --> [Caused by] CodeIgniter\Database\Exceptions\DatabaseException: Unable to prepare statement: no such table: Employes
in SYSTEMPATH/Database/SQLite3/Connection.php on line 174.
 1 SYSTEMPATH/Database/BaseConnection.php(910): CodeIgniter\Database\SQLite3\Connection->execute()
 2 SYSTEMPATH/Database/BaseConnection.php(827): CodeIgniter\Database\BaseConnection->simpleQuery()
 3 SYSTEMPATH/Database/BaseBuilder.php(1649): CodeIgniter\Database\BaseConnection->query()
 4 SYSTEMPATH/Model.php(295): CodeIgniter\Database\BaseBuilder->get()
 5 SYSTEMPATH/BaseModel.php(714): CodeIgniter\Model->doFirst()
 6 APPPATH/Models/EmployeModel.php(31): CodeIgniter\BaseModel->first()
 7 APPPATH/Controllers/AuthController.php(22): App\Models\EmployeModel->getEmployeByEmail()
 8 SYSTEMPATH/CodeIgniter.php(951): App\Controllers\AuthController->login()
 9 SYSTEMPATH/CodeIgniter.php(497): CodeIgniter\CodeIgniter->runController()
10 SYSTEMPATH/CodeIgniter.php(340): CodeIgniter\CodeIgniter->handleRequest()
11 SYSTEMPATH/Boot.php(417): CodeIgniter\CodeIgniter->run()
12 SYSTEMPATH/Boot.php(68): CodeIgniter\Boot::runCodeIgniter()
13 FCPATH/index.php(59): CodeIgniter\Boot::bootWeb()
14 SYSTEMPATH/rewrite.php(44): require_once('/home/tendry/itu/S4/MR_ROJO/Examen/EntrepriseTech/public/index.php')
CRITICAL - 2026-05-13 11:48:37 --> [Caused by] SQLite3Exception: Unable to prepare statement: no such table: Employes
in SYSTEMPATH/Database/SQLite3/Connection.php on line 164.
 1 SYSTEMPATH/Database/SQLite3/Connection.php(164): SQLite3->query()
 2 SYSTEMPATH/Database/BaseConnection.php(910): CodeIgniter\Database\SQLite3\Connection->execute()
 3 SYSTEMPATH/Database/BaseConnection.php(827): CodeIgniter\Database\BaseConnection->simpleQuery()
 4 SYSTEMPATH/Database/BaseBuilder.php(1649): CodeIgniter\Database\BaseConnection->query()
 5 SYSTEMPATH/Model.php(295): CodeIgniter\Database\BaseBuilder->get()
 6 SYSTEMPATH/BaseModel.php(714): CodeIgniter\Model->doFirst()
 7 APPPATH/Models/EmployeModel.php(31): CodeIgniter\BaseModel->first()
 8 APPPATH/Controllers/AuthController.php(22): App\Models\EmployeModel->getEmployeByEmail()
 9 SYSTEMPATH/CodeIgniter.php(951): App\Controllers\AuthController->login()
10 SYSTEMPATH/CodeIgniter.php(497): CodeIgniter\CodeIgniter->runController()
11 SYSTEMPATH/CodeIgniter.php(340): CodeIgniter\CodeIgniter->handleRequest()
12 SYSTEMPATH/Boot.php(417): CodeIgniter\CodeIgniter->run()
13 SYSTEMPATH/Boot.php(68): CodeIgniter\Boot::runCodeIgniter()
14 FCPATH/index.php(59): CodeIgniter\Boot::bootWeb()
15 SYSTEMPATH/rewrite.php(44): require_once('/home/tendry/itu/S4/MR_ROJO/Examen/EntrepriseTech/public/index.php')
DEBUG - 2026-05-13 11:51:39 --> Session: Class initialized using 'CodeIgniter\Session\Handlers\FileHandler' driver.
CRITICAL - 2026-05-13 11:51:39 --> CodeIgniter\View\Exceptions\ViewException: Invalid file: "Model.php"
[Method: GET, Route: index]
in SYSTEMPATH/Exceptions/FrameworkException.php on line 39.
 1 SYSTEMPATH/View/View.php(228): CodeIgniter\Exceptions\FrameworkException::forInvalidFile()
 2 SYSTEMPATH/Common.php(1250): CodeIgniter\View\View->render()
 3 APPPATH/Controllers/EmployeController.php(10): view()
 4 SYSTEMPATH/CodeIgniter.php(951): App\Controllers\EmployeController->index()
 5 SYSTEMPATH/CodeIgniter.php(497): CodeIgniter\CodeIgniter->runController()
 6 SYSTEMPATH/CodeIgniter.php(340): CodeIgniter\CodeIgniter->handleRequest()
 7 SYSTEMPATH/Boot.php(417): CodeIgniter\CodeIgniter->run()
 8 SYSTEMPATH/Boot.php(68): CodeIgniter\Boot::runCodeIgniter()
 9 FCPATH/index.php(59): CodeIgniter\Boot::bootWeb()
10 SYSTEMPATH/rewrite.php(44): require_once('/home/tendry/itu/S4/MR_ROJO/Examen/EntrepriseTech/public/index.php')
DEBUG - 2026-05-13 09:10:27 --> Session: Class initialized using 'CodeIgniter\Session\Handlers\FileHandler' driver.
DEBUG - 2026-05-13 09:11:14 --> Session: Class initialized using 'CodeIgniter\Session\Handlers\FileHandler' driver.
DEBUG - 2026-05-13 09:12:23 --> Session: Class initialized using 'CodeIgniter\Session\Handlers\FileHandler' driver.
DEBUG - 2026-05-13 09:17:13 --> Session: Class initialized using 'CodeIgniter\Session\Handlers\FileHandler' driver.
DEBUG - 2026-05-13 09:19:54 --> Session: Class initialized using 'CodeIgniter\Session\Handlers\FileHandler' driver.
DEBUG - 2026-05-13 09:23:28 --> Session: Class initialized using 'CodeIgniter\Session\Handlers\FileHandler' driver.
DEBUG - 2026-05-13 09:27:16 --> Session: Class initialized using 'CodeIgniter\Session\Handlers\FileHandler' driver.
DEBUG - 2026-05-13 09:27:42 --> Session: Class initialized using 'CodeIgniter\Session\Handlers\FileHandler' driver.
DEBUG - 2026-05-13 09:28:12 --> Session: Class initialized using 'CodeIgniter\Session\Handlers\FileHandler' driver.
DEBUG - 2026-05-13 09:52:14 --> Session: Class initialized using 'CodeIgniter\Session\Handlers\FileHandler' driver.
DEBUG - 2026-05-13 09:53:26 --> Session: Class initialized using 'CodeIgniter\Session\Handlers\FileHandler' driver.
DEBUG - 2026-05-13 10:09:33 --> Session: Class initialized using 'CodeIgniter\Session\Handlers\FileHandler' driver.
DEBUG - 2026-05-13 10:10:52 --> Session: Class initialized using 'CodeIgniter\Session\Handlers\FileHandler' driver.
